[INFO] Scanning for projects...
[INFO] 
[INFO] --------------------< com.medai:medical-diagnosis >---------------------
[INFO] Building medical-diagnosis 1.0.0
[INFO]   from pom.xml
[INFO] --------------------------------[ jar ]---------------------------------
[INFO] 
[INFO] --- clean:3.3.2:clean (default-clean) @ medical-diagnosis ---
[INFO] Deleting D:\medical-diagnosis\target
[INFO] 
[INFO] --- resources:3.3.1:resources (default-resources) @ medical-diagnosis ---
[INFO] Copying 1 resource from src\main\resources to target\classes
[INFO] Copying 6 resources from src\main\resources to target\classes
[INFO] 
[INFO] --- compiler:3.11.0:compile (default-compile) @ medical-diagnosis ---
[INFO] Changes detected - recompiling the module! :source
[INFO] Compiling 11 source files with javac [debug release 17] to target\classes
[INFO] 
[INFO] --- resources:3.3.1:testResources (default-testResources) @ medical-diagnosis ---
[INFO] skip non existing resourceDirectory D:\medical-diagnosis\src\test\resources
[INFO] 
[INFO] --- compiler:3.11.0:testCompile (default-testCompile) @ medical-diagnosis ---
[INFO] Changes detected - recompiling the module! :dependency
[INFO] Compiling 1 source file with javac [debug release 17] to target\test-classes
[INFO] -------------------------------------------------------------
[ERROR] COMPILATION ERROR : 
[INFO] -------------------------------------------------------------
[ERROR] /D:/medical-diagnosis/src/test/java/com/medai/medical_diagnosis/MedicalDiagnosisApplicationTests.java:[3,29] package org.junit.jupiter.api does not exist
[ERROR] /D:/medical-diagnosis/src/test/java/com/medai/medical_diagnosis/MedicalDiagnosisApplicationTests.java:[4,45] package org.springframework.boot.test.context does not exist
[ERROR] /D:/medical-diagnosis/src/test/java/com/medai/medical_diagnosis/MedicalDiagnosisApplicationTests.java:[6,2] cannot find symbol
  symbol: class SpringBootTest
[ERROR] /D:/medical-diagnosis/src/test/java/com/medai/medical_diagnosis/MedicalDiagnosisApplicationTests.java:[9,10] cannot find symbol
  symbol:   class Test
  location: class com.medai.medical_diagnosis.MedicalDiagnosisApplicationTests
[INFO] 4 errors 
[INFO] -------------------------------------------------------------
[INFO] ------------------------------------------------------------------------
[INFO] BUILD FAILURE
[INFO] ------------------------------------------------------------------------
[INFO] Total time:  3.908 s
[INFO] Finished at: 2026-02-23T10:45:37+05:30
[INFO] ------------------------------------------------------------------------
[ERROR] Failed to execute goal org.apache.maven.plugins:maven-compiler-plugin:3.11.0:testCompile (default-testCompile) on project medical-diagnosis: Compilation failure: Compilation failure: 
[ERROR] /D:/medical-diagnosis/src/test/java/com/medai/medical_diagnosis/MedicalDiagnosisApplicationTests.java:[3,29] package org.junit.jupiter.api does not exist
[ERROR] /D:/medical-diagnosis/src/test/java/com/medai/medical_diagnosis/MedicalDiagnosisApplicationTests.java:[4,45] package org.springframework.boot.test.context does not exist
[ERROR] /D:/medical-diagnosis/src/test/java/com/medai/medical_diagnosis/MedicalDiagnosisApplicationTests.java:[6,2] cannot find symbol
[ERROR]   symbol: class SpringBootTest
[ERROR] /D:/medical-diagnosis/src/test/java/com/medai/medical_diagnosis/MedicalDiagnosisApplicationTests.java:[9,10] cannot find symbol
[ERROR]   symbol:   class Test
[ERROR]   location: class com.medai.medical_diagnosis.MedicalDiagnosisApplicationTests
[ERROR] -> [Help 1]
[ERROR] 
[ERROR] To see the full stack trace of the errors, re-run Maven with the -e switch.
[ERROR] Re-run Maven using the -X switch to enable full debug logging.
[ERROR] 
[ERROR] For more information about the errors and possible solutions, please read the following articles:
[ERROR] [Help 1] http://cwiki.apache.org/confluence/display/MAVEN/MojoFailureException
