[INFO] Scanning for projects...
[INFO] 
[INFO] --------------------< com.medai:medical-diagnosis >---------------------
[INFO] Building medical-diagnosis 1.0.0
[INFO]   from pom.xml
[INFO] --------------------------------[ jar ]---------------------------------
[INFO] 
[INFO] --- resources:3.3.1:resources (default-resources) @ medical-diagnosis ---
[INFO] Copying 1 resource from src\main\resources to target\classes
[INFO] Copying 6 resources from src\main\resources to target\classes
[INFO] 
[INFO] --- compiler:3.11.0:compile (default-compile) @ medical-diagnosis ---
[INFO] Nothing to compile - all classes are up to date
[INFO] ------------------------------------------------------------------------
[INFO] BUILD SUCCESS
[INFO] ------------------------------------------------------------------------
[INFO] Total time:  0.962 s
[INFO] Finished at: 2026-02-23T10:32:50+05:30
[INFO] ------------------------------------------------------------------------
